##
 # Сохранённый эталон производительности
 #
 # Формат: протокол сценарий режим граница допуск направление
 #
 #   режим       ratio    - доля от эталонной реализации, снятая попарными прогонами
 #               absolute - само значение показателя
 #   граница     ожидаемая величина
 #   допуск      доля от границы, на которую разрешено отклонение
 #   направление min - не опускаться ниже, max - не подниматься выше
 #
 # Почему доля, а не значение. Абсолютные показатели зависят от машины,
 # компилятора и теплового состояния: за один сеанс они плывут на 4-8 %, и
 # записанное в репозиторий число на другой машине не значит ничего. Доля
 # от эталонной реализации, снятая тем же прогоном, переживает и то, и другое:
 # когда падает наш показатель, падает и эталонный.
 #
 # Откуда допуски. Разлёт медианы попарных долей между независимыми сериями
 # по девять прогонов замерен и составил 0.5-1.1 % на кодировании, 0.8-1.2 % на
 # разборе потока запросов, 2.0-2.9 % на приёме тела и 2.2 % на декодировании.
 # Допуск 6 % покрывает их с запасом от двух до двенадцати раз.
 #
 # Приёму тела прежде отводилось 12 %: сценарий шумел вдвое сильнее прочих.
 # Причина шума оказалась не в измерении, а в стенде - у сценария не было
 # прогревочного прохода, тогда как остальные повторяют работу от пятидесяти
 # до двухсот тысяч раз и холодный старт в них тонет. Прогрев добавлен в общий
 # драйвер обоих протоколов, разлёт упал вдвое, а сами границы выросли с 0.85
 # и 0.87 до 0.97 и 1.00: холодным замером мерился разгон реализации, а не её
 # установившаяся скорость.
 #
 # По контейнеру заголовков разлёт снят тремя независимыми сериями по десять
 # чередующихся прогонов и вышел разным по сценариям: 0.8 % на поиске, 1.9 % на
 # сборке сообщения, 3.0 % на замене и 3.4 % на наполнении. Допуски заданы с
 # запасом от двух до пяти раз к этим величинам. Поиску отведено 4 % - самый
 # узкий допуск набора: сценарий устойчивее прочих, и отставание там означало бы
 # правку в самом горячем пути контейнера.
 #
 # Эталоном служит Boost.Beast: у его http::fields тот же набор обязанностей.
 # Доли ниже единицы на наполнении и замене - не регрессия, а плата за работу,
 # которой у эталона нет вовсе: канонический регистр названий, ограничения по
 # количеству и объёму, проверка помещаемости до снятия прежних вхождений.
 # Разбор каждой доли - в tools/benchmark/headers/COMPARISON.md.
 #
 # По HTTP/1 разлёт снят тремя сериями и вышел разным по сценариям: 0.5 % на теле
 # фиксированного размера, 1.4 % на запросе браузера, 2.8-2.9 % на chunked и
 # побайтовой подаче, 3.8 % на запросе без заголовков. Допуск везде втрое от разлёта -
 # 6 %, 9 % и 12 % соответственно. Самый слабый сторож при этом tiny-request: замер
 # там длится единицы миллисекунд, и с допуском 12 % он ловит просадку лишь от 12 %.
 # Регрессии в разборе заголовков ловят typical-request и fragmented-request,
 # у которых допуск 6 % и 9 %.
 #
 # Показатели, от машины не зависящие вовсе - число выделений памяти и степень
 # сжатия, - сверяются самим значением и с узким допуском: они детерминированы,
 # и любое их изменение означает изменение поведения, а не погрешность замера.
 #
 # Границы сняты на Apple M4 Max, macOS 26.5.2, Apple clang, эталоны nghttp2
 # 1.70.90 и nghttp3 1.18.90 из подмодулей. При обновлении эталона границы
 # подлежат пересъёмке: чужое ускорение иначе однажды примут за нашу регрессию.
 #
 # Переход с nghttp2 1.69.90 на 1.70.90 доли не сдвинул: кодирование 0.696 против
 # 0.698, разбор запросов 1.277 против 1.277, приём тела 0.965-0.984 против
 # 0.965-0.979 - всё внутри замеренного разлёта. Пересъёмка тем не менее выполнена:
 # подтверждённое отсутствие сдвига и непроверенное - разные вещи.
 #
 # Эталон HTTP/1 - llhttp 9.4.2, и он единственный берётся пакетной сборкой,
 # а не подмодулем: собственной сборкой Node.js-парсера мы мерили бы не то, что
 # получает пользователь. Плата за это - версия меняется обновлением пакета,
 # без правки репозитория. Расхождение по всем пяти сценариям HTTP/1 сразу
 # и в одну сторону означает смену версии эталона, а не нашу регрессию.
 ##

# --- HTTP/1, эталон llhttp
http1 http1/parse/tiny-request               ratio     1.05   0.12  min
http1 http1/parse/typical-request            ratio     0.63   0.06  min
http1 http1/parse/fragmented-request         ratio     0.75   0.09  min
http1 http1/parse/identity-body              ratio     1.00   0.06  min
http1 http1/parse/chunked-body               ratio     0.99   0.09  min
http1 http1/allocations/per-parsed-message   absolute  0.00   0.02  max

# --- HTTP/2, эталон nghttp2
http2 http2/hpack/encode                    ratio     0.69   0.06  min
http2 http2/hpack/decode                    ratio     1.81   0.06  min
http2 http2/parse/request-stream            ratio     1.27   0.06  min
http2 http2/parse/data-body                 ratio     0.97   0.06  min
http2 http2/session/round-trip              ratio     1.21   0.06  min
http2 http2/session/multiplexed             ratio     1.19   0.06  min
http2 http2/hpack/compression               absolute 11.74   0.02  max
http2 http2/allocations/per-request         absolute  2.00   0.02  max
http2 http2/allocations/per-decoded-block   absolute  0.00   0.02  max
http2 http2/allocations/per-data-frame      absolute  0.34   0.05  max

# --- HTTP/3, эталон nghttp3
http3 http3/qpack/encode                    ratio     0.81   0.06  min
http3 http3/qpack/decode                    ratio     1.75   0.06  min
http3 http3/parse/request-stream            ratio     1.52   0.06  min
http3 http3/parse/data-body                 ratio     1.00   0.06  min
http3 http3/session/round-trip              ratio     1.54   0.06  min
http3 http3/session/multiplexed             ratio     1.40   0.08  min
http3 http3/qpack/compression               absolute 12.37   0.02  max
http3 http3/allocations/per-request         absolute  2.00   0.02  max
http3 http3/allocations/per-decoded-section absolute  0.00   0.02  max
http3 http3/allocations/per-data-frame      absolute  0.00   0.05  max
headers headers/build/request                ratio     0.59   0.10  min
headers headers/lookup/hit                   ratio     2.56   0.04  min
headers headers/serialize/request            ratio     1.07   0.06  min
headers headers/replace/existing             ratio     0.74   0.09  min
